Archive member included because of file (symbol)

c:/winavr-20090313/bin/../lib/gcc/avr/4.3.2/avr5\libgcc.a(_exit.o)
                              c:/winavr-20090313/bin/../lib/gcc/avr/4.3.2/../../../../avr/lib/avr5/crtm328p.o (exit)
c:/winavr-20090313/bin/../lib/gcc/avr/4.3.2/avr5\libgcc.a(_copy_data.o)
                              Assn1_LCDDisp.o (__do_copy_data)

Memory Configuration

Name             Origin             Length             Attributes
text             0x00000000         0x00020000         xr
data             0x00800060         0x0000ffa0         rw !x
eeprom           0x00810000         0x00010000         rw !x
fuse             0x00820000         0x00000400         rw !x
lock             0x00830000         0x00000400         rw !x
signature        0x00840000         0x00000400         rw !x
*default*        0x00000000         0xffffffff

Linker script and memory map

Address of section .data set to 0x800100
LOAD c:/winavr-20090313/bin/../lib/gcc/avr/4.3.2/../../../../avr/lib/avr5/crtm328p.o
LOAD Assn1_LCDDisp.o
LOAD c:/winavr-20090313/bin/../lib/gcc/avr/4.3.2/avr5\libgcc.a
LOAD c:/winavr-20090313/bin/../lib/gcc/avr/4.3.2/../../../../avr/lib/avr5\libc.a
LOAD c:/winavr-20090313/bin/../lib/gcc/avr/4.3.2/avr5\libgcc.a

.hash
 *(.hash)

.dynsym
 *(.dynsym)

.dynstr
 *(.dynstr)

.gnu.version
 *(.gnu.version)

.gnu.version_d
 *(.gnu.version_d)

.gnu.version_r
 *(.gnu.version_r)

.rel.init
 *(.rel.init)

.rela.init
 *(.rela.init)

.rel.text
 *(.rel.text)
 *(.rel.text.*)
 *(.rel.gnu.linkonce.t*)

.rela.text
 *(.rela.text)
 *(.rela.text.*)
 *(.rela.gnu.linkonce.t*)

.rel.fini
 *(.rel.fini)

.rela.fini
 *(.rela.fini)

.rel.rodata
 *(.rel.rodata)
 *(.rel.rodata.*)
 *(.rel.gnu.linkonce.r*)

.rela.rodata
 *(.rela.rodata)
 *(.rela.rodata.*)
 *(.rela.gnu.linkonce.r*)

.rel.data
 *(.rel.data)
 *(.rel.data.*)
 *(.rel.gnu.linkonce.d*)

.rela.data
 *(.rela.data)
 *(.rela.data.*)
 *(.rela.gnu.linkonce.d*)

.rel.ctors
 *(.rel.ctors)

.rela.ctors
 *(.rela.ctors)

.rel.dtors
 *(.rel.dtors)

.rela.dtors
 *(.rela.dtors)

.rel.got
 *(.rel.got)

.rela.got
 *(.rela.got)

.rel.bss
 *(.rel.bss)

.rela.bss
 *(.rela.bss)

.rel.plt
 *(.rel.plt)

.rela.plt
 *(.rela.plt)

.text           0x00000000      0x2be
 *(.vectors)
 .vectors       0x00000000       0x68 c:/winavr-20090313/bin/../lib/gcc/avr/4.3.2/../../../../avr/lib/avr5/crtm328p.o
                0x00000000                __vectors
                0x00000000                __vector_default
 *(.vectors)
 *(.progmem.gcc*)
 *(.progmem*)
                0x00000068                . = ALIGN (0x2)
                0x00000068                __trampolines_start = .
 *(.trampolines)
 .trampolines   0x00000068        0x0 linker stubs
 *(.trampolines*)
                0x00000068                __trampolines_end = .
 *(.jumptables)
 *(.jumptables*)
 *(.lowtext)
 *(.lowtext*)
                0x00000068                __ctors_start = .
 *(.ctors)
                0x00000068                __ctors_end = .
                0x00000068                __dtors_start = .
 *(.dtors)
                0x00000068                __dtors_end = .
 SORT(*)(.ctors)
 SORT(*)(.dtors)
 *(.init0)
 .init0         0x00000068        0x0 c:/winavr-20090313/bin/../lib/gcc/avr/4.3.2/../../../../avr/lib/avr5/crtm328p.o
                0x00000068                __init
 *(.init0)
 *(.init1)
 *(.init1)
 *(.init2)
 .init2         0x00000068        0xc c:/winavr-20090313/bin/../lib/gcc/avr/4.3.2/../../../../avr/lib/avr5/crtm328p.o
 *(.init2)
 *(.init3)
 *(.init3)
 *(.init4)
 .init4         0x00000074       0x16 c:/winavr-20090313/bin/../lib/gcc/avr/4.3.2/avr5\libgcc.a(_copy_data.o)
                0x00000074                __do_copy_data
 *(.init4)
 *(.init5)
 *(.init5)
 *(.init6)
 *(.init6)
 *(.init7)
 *(.init7)
 *(.init8)
 *(.init8)
 *(.init9)
 .init9         0x0000008a        0x8 c:/winavr-20090313/bin/../lib/gcc/avr/4.3.2/../../../../avr/lib/avr5/crtm328p.o
 *(.init9)
 *(.text)
 .text          0x00000092        0x4 c:/winavr-20090313/bin/../lib/gcc/avr/4.3.2/../../../../avr/lib/avr5/crtm328p.o
                0x00000092                __vector_22
                0x00000092                __vector_1
                0x00000092                __vector_24
                0x00000092                __vector_12
                0x00000092                __bad_interrupt
                0x00000092                __vector_6
                0x00000092                __vector_3
                0x00000092                __vector_23
                0x00000092                __vector_25
                0x00000092                __vector_11
                0x00000092                __vector_13
                0x00000092                __vector_17
                0x00000092                __vector_19
                0x00000092                __vector_7
                0x00000092                __vector_5
                0x00000092                __vector_4
                0x00000092                __vector_9
                0x00000092                __vector_2
                0x00000092                __vector_21
                0x00000092                __vector_15
                0x00000092                __vector_8
                0x00000092                __vector_14
                0x00000092                __vector_10
                0x00000092                __vector_16
                0x00000092                __vector_18
                0x00000092                __vector_20
 .text          0x00000096      0x224 Assn1_LCDDisp.o
                0x00000168                lcd_data
                0x0000017c                lcd_gotoxy
                0x000001a4                lcd_putc
                0x0000019c                lcd_home
                0x00000194                lcd_clrscr
                0x0000018c                lcd_getxy
                0x000001ce                lcd_puts
                0x000001e6                lcd_puts_p
                0x00000202                lcd_init
                0x00000276                main
                0x00000154                lcd_command
 .text          0x000002ba        0x0 c:/winavr-20090313/bin/../lib/gcc/avr/4.3.2/avr5\libgcc.a(_exit.o)
 .text          0x000002ba        0x0 c:/winavr-20090313/bin/../lib/gcc/avr/4.3.2/avr5\libgcc.a(_copy_data.o)
                0x000002ba                . = ALIGN (0x2)
 *(.text.*)
 .text.libgcc   0x000002ba        0x0 c:/winavr-20090313/bin/../lib/gcc/avr/4.3.2/avr5\libgcc.a(_exit.o)
 .text.libgcc   0x000002ba        0x0 c:/winavr-20090313/bin/../lib/gcc/avr/4.3.2/avr5\libgcc.a(_copy_data.o)
                0x000002ba                . = ALIGN (0x2)
 *(.fini9)
 .fini9         0x000002ba        0x0 c:/winavr-20090313/bin/../lib/gcc/avr/4.3.2/avr5\libgcc.a(_exit.o)
                0x000002ba                exit
                0x000002ba                _exit
 *(.fini9)
 *(.fini8)
 *(.fini8)
 *(.fini7)
 *(.fini7)
 *(.fini6)
 *(.fini6)
 *(.fini5)
 *(.fini5)
 *(.fini4)
 *(.fini4)
 *(.fini3)
 *(.fini3)
 *(.fini2)
 *(.fini2)
 *(.fini1)
 *(.fini1)
 *(.fini0)
 .fini0         0x000002ba        0x4 c:/winavr-20090313/bin/../lib/gcc/avr/4.3.2/avr5\libgcc.a(_exit.o)
 *(.fini0)
                0x000002be                _etext = .

.data           0x00800100        0xc load address 0x000002be
                0x00800100                PROVIDE (__data_start, .)
 *(.data)
 .data          0x00800100        0x0 c:/winavr-20090313/bin/../lib/gcc/avr/4.3.2/../../../../avr/lib/avr5/crtm328p.o
 .data          0x00800100        0xb Assn1_LCDDisp.o
 .data          0x0080010b        0x0 c:/winavr-20090313/bin/../lib/gcc/avr/4.3.2/avr5\libgcc.a(_exit.o)
 .data          0x0080010b        0x0 c:/winavr-20090313/bin/../lib/gcc/avr/4.3.2/avr5\libgcc.a(_copy_data.o)
 *(.data*)
 *(.rodata)
 *(.rodata*)
 *(.gnu.linkonce.d*)
                0x0080010c                . = ALIGN (0x2)
 *fill*         0x0080010b        0x1 00
                0x0080010c                _edata = .
                0x0080010c                PROVIDE (__data_end, .)

.bss            0x0080010c        0x0
                0x0080010c                PROVIDE (__bss_start, .)
 *(.bss)
 .bss           0x0080010c        0x0 c:/winavr-20090313/bin/../lib/gcc/avr/4.3.2/../../../../avr/lib/avr5/crtm328p.o
 .bss           0x0080010c        0x0 Assn1_LCDDisp.o
 .bss           0x0080010c        0x0 c:/winavr-20090313/bin/../lib/gcc/avr/4.3.2/avr5\libgcc.a(_exit.o)
 .bss           0x0080010c        0x0 c:/winavr-20090313/bin/../lib/gcc/avr/4.3.2/avr5\libgcc.a(_copy_data.o)
 *(.bss*)
 *(COMMON)
                0x0080010c                PROVIDE (__bss_end, .)
                0x000002be                __data_load_start = LOADADDR (.data)
                0x000002ca                __data_load_end = (__data_load_start + SIZEOF (.data))

.noinit         0x0080010c        0x0
                0x0080010c                PROVIDE (__noinit_start, .)
 *(.noinit*)
                0x0080010c                PROVIDE (__noinit_end, .)
                0x0080010c                _end = .
                0x0080010c                PROVIDE (__heap_start, .)

.eeprom         0x00810000        0x0
 *(.eeprom*)
                0x00810000                __eeprom_end = .

.fuse
 *(.fuse)
 *(.lfuse)
 *(.hfuse)
 *(.efuse)

.lock
 *(.lock*)

.signature
 *(.signature*)

.stab
 *(.stab)

.stabstr
 *(.stabstr)

.stab.excl
 *(.stab.excl)

.stab.exclstr
 *(.stab.exclstr)

.stab.index
 *(.stab.index)

.stab.indexstr
 *(.stab.indexstr)

.comment
 *(.comment)

.debug
 *(.debug)

.line
 *(.line)

.debug_srcinfo
 *(.debug_srcinfo)

.debug_sfnames
 *(.debug_sfnames)

.debug_aranges  0x00000000       0x20
 *(.debug_aranges)
 .debug_aranges
                0x00000000       0x20 Assn1_LCDDisp.o

.debug_pubnames
                0x00000000       0xa7
 *(.debug_pubnames)
 .debug_pubnames
                0x00000000       0xa7 Assn1_LCDDisp.o

.debug_info     0x00000000      0x686
 *(.debug_info)
 .debug_info    0x00000000      0x686 Assn1_LCDDisp.o
 *(.gnu.linkonce.wi.*)

.debug_abbrev   0x00000000      0x281
 *(.debug_abbrev)
 .debug_abbrev  0x00000000      0x281 Assn1_LCDDisp.o

.debug_line     0x00000000      0x564
 *(.debug_line)
 .debug_line    0x00000000      0x564 Assn1_LCDDisp.o

.debug_frame    0x00000000       0xf0
 *(.debug_frame)
 .debug_frame   0x00000000       0xf0 Assn1_LCDDisp.o

.debug_str      0x00000000      0x256
 *(.debug_str)
 .debug_str     0x00000000      0x256 Assn1_LCDDisp.o
                                0x294 (size before relaxing)

.debug_loc      0x00000000      0x278
 *(.debug_loc)
 .debug_loc     0x00000000      0x278 Assn1_LCDDisp.o

.debug_macinfo
 *(.debug_macinfo)
OUTPUT(Assn1_LCDDisp.elf elf32-avr)
LOAD linker stubs

.debug_ranges   0x00000000       0x48
 .debug_ranges  0x00000000       0x48 Assn1_LCDDisp.o
