Archive member included because of file (symbol)

/usr/lib/gcc/avr/4.3.4/avr5/libgcc.a(_mulsi3.o)
                              ./sdcard/fat.o (__mulsi3)
/usr/lib/gcc/avr/4.3.4/avr5/libgcc.a(_udivmodhi4.o)
                              ./sdcard/fat.o (__udivmodhi4)
/usr/lib/gcc/avr/4.3.4/avr5/libgcc.a(_divmodhi4.o)
                              ./sdcard/fat.o (__divmodhi4)
/usr/lib/gcc/avr/4.3.4/avr5/libgcc.a(_udivmodsi4.o)
                              ./sdcard/fat.o (__udivmodsi4)
/usr/lib/gcc/avr/4.3.4/avr5/libgcc.a(_exit.o)
                              /usr/lib/gcc/avr/4.3.4/../../../avr/lib/avr5/crtm328p.o (exit)
/usr/lib/gcc/avr/4.3.4/avr5/libgcc.a(_copy_data.o)
                              ./main.o (__do_copy_data)
/usr/lib/gcc/avr/4.3.4/avr5/libgcc.a(_clear_bss.o)
                              ./main.o (__do_clear_bss)
/usr/lib/gcc/avr/4.3.4/avr5/libgcc.a(_mul_sf.o)
                              ./main.o (__mulsf3)
/usr/lib/gcc/avr/4.3.4/avr5/libgcc.a(_div_sf.o)
                              ./main.o (__divsf3)
/usr/lib/gcc/avr/4.3.4/avr5/libgcc.a(_eq_sf.o)
                              ./main.o (__eqsf2)
/usr/lib/gcc/avr/4.3.4/avr5/libgcc.a(_si_to_sf.o)
                              ./main.o (__floatsisf)
/usr/lib/gcc/avr/4.3.4/avr5/libgcc.a(_sf_to_si.o)
                              ./main.o (__fixsfsi)
/usr/lib/gcc/avr/4.3.4/avr5/libgcc.a(_thenan_sf.o)
                              /usr/lib/gcc/avr/4.3.4/avr5/libgcc.a(_mul_sf.o) (__thenan_sf)
/usr/lib/gcc/avr/4.3.4/avr5/libgcc.a(_usi_to_sf.o)
                              ./main.o (__floatunsisf)
/usr/lib/gcc/avr/4.3.4/avr5/libgcc.a(_prologue.o)
                              /usr/lib/gcc/avr/4.3.4/avr5/libgcc.a(_mul_sf.o) (__prologue_saves__)
/usr/lib/gcc/avr/4.3.4/avr5/libgcc.a(_epilogue.o)
                              /usr/lib/gcc/avr/4.3.4/avr5/libgcc.a(_mul_sf.o) (__epilogue_restores__)
/usr/lib/gcc/avr/4.3.4/avr5/libgcc.a(_clzsi2.o)
                              /usr/lib/gcc/avr/4.3.4/avr5/libgcc.a(_si_to_sf.o) (__clzsi2)
/usr/lib/gcc/avr/4.3.4/avr5/libgcc.a(_pack_sf.o)
                              /usr/lib/gcc/avr/4.3.4/avr5/libgcc.a(_mul_sf.o) (__pack_f)
/usr/lib/gcc/avr/4.3.4/avr5/libgcc.a(_unpack_sf.o)
                              /usr/lib/gcc/avr/4.3.4/avr5/libgcc.a(_mul_sf.o) (__unpack_f)
/usr/lib/gcc/avr/4.3.4/avr5/libgcc.a(_fpcmp_parts_sf.o)
                              /usr/lib/gcc/avr/4.3.4/avr5/libgcc.a(_eq_sf.o) (__fpcmp_parts_f)
/usr/lib/gcc/avr/4.3.4/avr5/libgcc.a(_clz.o)
                              /usr/lib/gcc/avr/4.3.4/avr5/libgcc.a(_clzsi2.o) (__clz_tab)
/usr/lib/gcc/avr/4.3.4/../../../avr/lib/avr5/libc.a(memcpy.o)
                              ./sdcard/fat.o (memcpy)
/usr/lib/gcc/avr/4.3.4/../../../avr/lib/avr5/libc.a(memset.o)
                              ./sdcard/fat.o (memset)
/usr/lib/gcc/avr/4.3.4/../../../avr/lib/avr5/libc.a(strchr.o)
                              ./sdcard/fat.o (strchr)
/usr/lib/gcc/avr/4.3.4/../../../avr/lib/avr5/libc.a(strcmp.o)
                              ./sdcard/fat.o (strcmp)
/usr/lib/gcc/avr/4.3.4/../../../avr/lib/avr5/libc.a(strncmp.o)
                              ./sdcard/fat.o (strncmp)
/usr/lib/gcc/avr/4.3.4/../../../avr/lib/avr5/libc.a(strncpy.o)
                              ./sdcard/fat.o (strncpy)
/usr/lib/gcc/avr/4.3.4/../../../avr/lib/avr5/libc.a(strrchr.o)
                              ./sdcard/fat.o (strrchr)
/usr/lib/gcc/avr/4.3.4/../../../avr/lib/avr5/libc.a(sprintf.o)
                              ./main.o (sprintf)
/usr/lib/gcc/avr/4.3.4/../../../avr/lib/avr5/libc.a(sqrt.o)
                              ./main.o (sqrt)
/usr/lib/gcc/avr/4.3.4/../../../avr/lib/avr5/libc.a(vfprintf_std.o)
                              /usr/lib/gcc/avr/4.3.4/../../../avr/lib/avr5/libc.a(sprintf.o) (vfprintf)
/usr/lib/gcc/avr/4.3.4/../../../avr/lib/avr5/libc.a(eerd_word_atmega328p.o)
                              ./main.o (__eerd_word_m328p)
/usr/lib/gcc/avr/4.3.4/../../../avr/lib/avr5/libc.a(eewr_word_atmega328p.o)
                              ./main.o (__eewr_word_m328p)
/usr/lib/gcc/avr/4.3.4/../../../avr/lib/avr5/libc.a(strnlen_P.o)
                              /usr/lib/gcc/avr/4.3.4/../../../avr/lib/avr5/libc.a(vfprintf_std.o) (strnlen_P)
/usr/lib/gcc/avr/4.3.4/../../../avr/lib/avr5/libc.a(strnlen.o)
                              /usr/lib/gcc/avr/4.3.4/../../../avr/lib/avr5/libc.a(vfprintf_std.o) (strnlen)
/usr/lib/gcc/avr/4.3.4/../../../avr/lib/avr5/libc.a(fputc.o)
                              /usr/lib/gcc/avr/4.3.4/../../../avr/lib/avr5/libc.a(vfprintf_std.o) (fputc)
/usr/lib/gcc/avr/4.3.4/../../../avr/lib/avr5/libc.a(ultoa_invert.o)
                              /usr/lib/gcc/avr/4.3.4/../../../avr/lib/avr5/libc.a(vfprintf_std.o) (__ultoa_invert)
/usr/lib/gcc/avr/4.3.4/../../../avr/lib/avr5/libc.a(fp_mpack.o)
                              /usr/lib/gcc/avr/4.3.4/../../../avr/lib/avr5/libc.a(sqrt.o) (__fp_mpack)
/usr/lib/gcc/avr/4.3.4/../../../avr/lib/avr5/libc.a(fp_nan.o)
                              /usr/lib/gcc/avr/4.3.4/../../../avr/lib/avr5/libc.a(sqrt.o) (__fp_nan)
/usr/lib/gcc/avr/4.3.4/../../../avr/lib/avr5/libc.a(fp_norm2.o)
                              /usr/lib/gcc/avr/4.3.4/../../../avr/lib/avr5/libc.a(sqrt.o) (__fp_norm2)
/usr/lib/gcc/avr/4.3.4/../../../avr/lib/avr5/libc.a(fp_split3.o)
                              /usr/lib/gcc/avr/4.3.4/../../../avr/lib/avr5/libc.a(sqrt.o) (__fp_splitA)
/usr/lib/gcc/avr/4.3.4/../../../avr/lib/avr5/libc.a(eerd_block_atmega328p.o)
                              /usr/lib/gcc/avr/4.3.4/../../../avr/lib/avr5/libc.a(eerd_word_atmega328p.o) (__eerd_blraw_m328p)
/usr/lib/gcc/avr/4.3.4/../../../avr/lib/avr5/libc.a(eewr_byte_atmega328p.o)
                              /usr/lib/gcc/avr/4.3.4/../../../avr/lib/avr5/libc.a(eewr_word_atmega328p.o) (__eewr_byte_m328p)

Allocating common symbols
Common symbol       size              file

temp2               0x4               ./main.o
fs                  0x2               ./sdcard/sdcard.o
partition           0x2               ./sdcard/sdcard.o
temp1               0x4               ./main.o
f2                  0x4               ./main.o
dd                  0x2               ./sdcard/sdcard.o
addr                0x2               ./main.o
data                0x2               ./main.o
buf                 0x14              ./main.o
f1                  0x4               ./main.o

Memory Configuration

Name             Origin             Length             Attributes
text             0x00000000         0x00020000         xr
data             0x00800060         0x0000ffa0         rw !x
eeprom           0x00810000         0x00010000         rw !x
fuse             0x00820000         0x00000400         rw !x
lock             0x00830000         0x00000400         rw !x
signature        0x00840000         0x00000400         rw !x
*default*        0x00000000         0xffffffff

Linker script and memory map

Address of section .data set to 0x800100
LOAD /usr/lib/gcc/avr/4.3.4/../../../avr/lib/avr5/crtm328p.o
LOAD ./main.o
LOAD ./sdcard/byteordering.o
LOAD ./sdcard/fat.o
LOAD ./sdcard/partition.o
LOAD ./sdcard/sd_raw.o
LOAD ./sdcard/sdcard.o
LOAD ./sdcard/uart.o
LOAD /usr/lib/gcc/avr/4.3.4/avr5/libgcc.a
LOAD /usr/lib/gcc/avr/4.3.4/../../../avr/lib/avr5/libc.a
LOAD /usr/lib/gcc/avr/4.3.4/avr5/libgcc.a

.hash
 *(.hash)

.dynsym
 *(.dynsym)

.dynstr
 *(.dynstr)

.gnu.version
 *(.gnu.version)

.gnu.version_d
 *(.gnu.version_d)

.gnu.version_r
 *(.gnu.version_r)

.rel.init
 *(.rel.init)

.rela.init
 *(.rela.init)

.rel.text
 *(.rel.text)
 *(.rel.text.*)
 *(.rel.gnu.linkonce.t*)

.rela.text
 *(.rela.text)
 *(.rela.text.*)
 *(.rela.gnu.linkonce.t*)

.rel.fini
 *(.rel.fini)

.rela.fini
 *(.rela.fini)

.rel.rodata
 *(.rel.rodata)
 *(.rel.rodata.*)
 *(.rel.gnu.linkonce.r*)

.rela.rodata
 *(.rela.rodata)
 *(.rela.rodata.*)
 *(.rela.gnu.linkonce.r*)

.rel.data
 *(.rel.data)
 *(.rel.data.*)
 *(.rel.gnu.linkonce.d*)

.rela.data
 *(.rela.data)
 *(.rela.data.*)
 *(.rela.gnu.linkonce.d*)

.rel.ctors
 *(.rel.ctors)

.rela.ctors
 *(.rela.ctors)

.rel.dtors
 *(.rel.dtors)

.rela.dtors
 *(.rela.dtors)

.rel.got
 *(.rel.got)

.rela.got
 *(.rela.got)

.rel.bss
 *(.rel.bss)

.rela.bss
 *(.rela.bss)

.rel.plt
 *(.rel.plt)

.rela.plt
 *(.rela.plt)

.text           0x00000000     0x51a6
 *(.vectors)
 .vectors       0x00000000       0x68 /usr/lib/gcc/avr/4.3.4/../../../avr/lib/avr5/crtm328p.o
                0x00000000                __vectors
                0x00000000                __vector_default
 *(.vectors)
 *(.progmem.gcc*)
 *(.progmem*)
 .progmem.data  0x00000068       0x62 ./main.o
 .progmem.data  0x000000ca      0x23d ./sdcard/sdcard.o
                0x00000308                . = ALIGN (0x2)
 *fill*         0x00000307        0x1 00
                0x00000308                __trampolines_start = .
 *(.trampolines)
 .trampolines   0x00000308        0x0 linker stubs
 *(.trampolines*)
                0x00000308                __trampolines_end = .
 *(.jumptables)
 *(.jumptables*)
 *(.lowtext)
 *(.lowtext*)
                0x00000308                __ctors_start = .
 *(.ctors)
                0x00000308                __ctors_end = .
                0x00000308                __dtors_start = .
 *(.dtors)
                0x00000308                __dtors_end = .
 SORT(*)(.ctors)
 SORT(*)(.dtors)
 *(.init0)
 .init0         0x00000308        0x0 /usr/lib/gcc/avr/4.3.4/../../../avr/lib/avr5/crtm328p.o
                0x00000308                __init
 *(.init0)
 *(.init1)
 *(.init1)
 *(.init2)
 .init2         0x00000308        0xc /usr/lib/gcc/avr/4.3.4/../../../avr/lib/avr5/crtm328p.o
 *(.init2)
 *(.init3)
 *(.init3)
 *(.init4)
 .init4         0x00000314       0x16 /usr/lib/gcc/avr/4.3.4/avr5/libgcc.a(_copy_data.o)
                0x00000314                __do_copy_data
 .init4         0x0000032a       0x10 /usr/lib/gcc/avr/4.3.4/avr5/libgcc.a(_clear_bss.o)
                0x0000032a                __do_clear_bss
 *(.init4)
 *(.init5)
 *(.init5)
 *(.init6)
 *(.init6)
 *(.init7)
 *(.init7)
 *(.init8)
 *(.init8)
 *(.init9)
 .init9         0x0000033a        0x8 /usr/lib/gcc/avr/4.3.4/../../../avr/lib/avr5/crtm328p.o
 *(.init9)
 *(.text)
 .text          0x00000342        0x4 /usr/lib/gcc/avr/4.3.4/../../../avr/lib/avr5/crtm328p.o
                0x00000342                __vector_22
                0x00000342                __vector_1
                0x00000342                __vector_24
                0x00000342                __vector_12
                0x00000342                __bad_interrupt
                0x00000342                __vector_6
                0x00000342                __vector_3
                0x00000342                __vector_23
                0x00000342                __vector_25
                0x00000342                __vector_11
                0x00000342                __vector_13
                0x00000342                __vector_17
                0x00000342                __vector_19
                0x00000342                __vector_7
                0x00000342                __vector_5
                0x00000342                __vector_4
                0x00000342                __vector_9
                0x00000342                __vector_2
                0x00000342                __vector_15
                0x00000342                __vector_8
                0x00000342                __vector_14
                0x00000342                __vector_10
                0x00000342                __vector_16
                0x00000342                __vector_20
 .text          0x00000346      0x7cc ./main.o
                0x00000346                adc_init
                0x0000037e                button1_is_pressed
                0x000003ce                portbit1_is_clear
                0x000003f6                button2_is_pressed
                0x00000444                portbit2_is_clear
                0x0000046a                button3_is_pressed
                0x000004ba                portbit3_is_clear
                0x000004e2                button4_is_pressed
                0x00000530                portbit4_is_clear
                0x00000556                button5_is_pressed
                0x000005a6                portbit5_is_clear
                0x000005ce                button6_is_pressed
                0x0000061c                portbit6_is_clear
                0x00000642                button7_is_pressed
                0x00000692                portbit7_is_clear
                0x000006ba                button8_is_pressed
                0x0000070e                portbit8_is_clear
                0x0000073a                main
                0x00000868                EEPROM_write
                0x0000095a                __vector_21
 .text          0x00000b12        0x0 ./sdcard/byteordering.o
 .text          0x00000b12     0x1fe0 ./sdcard/fat.o
                0x00000b12                fat_close
                0x00000e60                fat_close_file
                0x00000e6c                fat_read_file
                0x00001100                fat_close_dir
                0x0000110c                fat_reset_dir
                0x00001126                fat_delete_file
                0x0000122a                fat_get_fs_size
                0x00001268                fat_get_fs_free
                0x00001484                fat_read_dir
                0x0000189c                fat_open
                0x000020b0                fat_create_dir
                0x0000222e                fat_create_file
                0x000022f6                fat_resize_file
                0x00002538                fat_seek_file
                0x000025f0                fat_write_file
                0x000028ea                fat_open_dir
                0x00002964                fat_open_file
                0x000029d0                fat_get_dir_entry_of_path
 .text          0x00002af2      0x1c8 ./sdcard/partition.o
                0x00002af2                partition_close
                0x00002b02                partition_open
 .text          0x00002cba      0x92c ./sdcard/sd_raw.o
                0x00002cba                sd_raw_available
                0x00002cbe                sd_raw_locked
                0x00002d88                sd_raw_get_info
                0x00002fc2                sd_raw_write
                0x0000316e                sd_raw_sync
                0x000031a2                sd_raw_read
                0x0000331e                sd_raw_read_interval
                0x000033fe                sd_raw_init
                0x00003530                sd_raw_write_interval
 .text          0x000035e6      0x716 ./sdcard/sdcard.o
                0x0000362a                delete_file
                0x00003712                display_file
                0x000037f6                write_data_block
                0x000038f8                write_data
                0x00003a50                create_file
                0x00003ab8                init_sdcard
 .text          0x00003cfc      0x258 ./sdcard/uart.o
                0x00003cfc                uart_init
                0x00003d14                uart_putc
                0x00003d32                uart_putc_hex
                0x00003d6a                uart_putw_hex
                0x00003d7e                uart_putdw_hex
                0x00003da4                uart_putw_dec
                0x00003e20                uart_putdw_dec
                0x00003ef2                uart_puts
                0x00003f0c                uart_puts_p
                0x00003f28                uart_getc
                0x00003f52                __vector_18
 .text          0x00003f54        0x0 /usr/lib/gcc/avr/4.3.4/avr5/libgcc.a(_mulsi3.o)
 .text          0x00003f54        0x0 /usr/lib/gcc/avr/4.3.4/avr5/libgcc.a(_udivmodhi4.o)
 .text          0x00003f54        0x0 /usr/lib/gcc/avr/4.3.4/avr5/libgcc.a(_divmodhi4.o)
 .text          0x00003f54        0x0 /usr/lib/gcc/avr/4.3.4/avr5/libgcc.a(_udivmodsi4.o)
 .text          0x00003f54        0x0 /usr/lib/gcc/avr/4.3.4/avr5/libgcc.a(_exit.o)
 .text          0x00003f54        0x0 /usr/lib/gcc/avr/4.3.4/avr5/libgcc.a(_copy_data.o)
 .text          0x00003f54        0x0 /usr/lib/gcc/avr/4.3.4/avr5/libgcc.a(_clear_bss.o)
 .text          0x00003f54      0x1f4 /usr/lib/gcc/avr/4.3.4/avr5/libgcc.a(_mul_sf.o)
                0x00003f54                __mulsf3
 .text          0x00004148      0x158 /usr/lib/gcc/avr/4.3.4/avr5/libgcc.a(_div_sf.o)
                0x00004148                __divsf3
 .text          0x000042a0       0x60 /usr/lib/gcc/avr/4.3.4/avr5/libgcc.a(_eq_sf.o)
                0x000042a0                __eqsf2
 .text          0x00004300       0xbc /usr/lib/gcc/avr/4.3.4/avr5/libgcc.a(_si_to_sf.o)
                0x00004300                __floatsisf
 .text          0x000043bc       0xa8 /usr/lib/gcc/avr/4.3.4/avr5/libgcc.a(_sf_to_si.o)
                0x000043bc                __fixsfsi
 .text          0x00004464        0x0 /usr/lib/gcc/avr/4.3.4/avr5/libgcc.a(_thenan_sf.o)
 .text          0x00004464       0xf2 /usr/lib/gcc/avr/4.3.4/avr5/libgcc.a(_usi_to_sf.o)
                0x00004464                __floatunsisf
 .text          0x00004556        0x0 /usr/lib/gcc/avr/4.3.4/avr5/libgcc.a(_prologue.o)
 .text          0x00004556        0x0 /usr/lib/gcc/avr/4.3.4/avr5/libgcc.a(_epilogue.o)
 .text          0x00004556       0x9e /usr/lib/gcc/avr/4.3.4/avr5/libgcc.a(_clzsi2.o)
                0x00004556                __clzsi2
 .text          0x000045f4      0x1aa /usr/lib/gcc/avr/4.3.4/avr5/libgcc.a(_pack_sf.o)
                0x000045f4                __pack_f
 .text          0x0000479e       0xf0 /usr/lib/gcc/avr/4.3.4/avr5/libgcc.a(_unpack_sf.o)
                0x0000479e                __unpack_f
 .text          0x0000488e       0xb2 /usr/lib/gcc/avr/4.3.4/avr5/libgcc.a(_fpcmp_parts_sf.o)
                0x0000488e                __fpcmp_parts_f
 .text          0x00004940        0x0 /usr/lib/gcc/avr/4.3.4/avr5/libgcc.a(_clz.o)
 .text          0x00004940        0x0 /usr/lib/gcc/avr/4.3.4/../../../avr/lib/avr5/libc.a(memcpy.o)
 .text          0x00004940        0x0 /usr/lib/gcc/avr/4.3.4/../../../avr/lib/avr5/libc.a(memset.o)
 .text          0x00004940        0x0 /usr/lib/gcc/avr/4.3.4/../../../avr/lib/avr5/libc.a(strchr.o)
 .text          0x00004940        0x0 /usr/lib/gcc/avr/4.3.4/../../../avr/lib/avr5/libc.a(strcmp.o)
 .text          0x00004940        0x0 /usr/lib/gcc/avr/4.3.4/../../../avr/lib/avr5/libc.a(strncmp.o)
 .text          0x00004940        0x0 /usr/lib/gcc/avr/4.3.4/../../../avr/lib/avr5/libc.a(strncpy.o)
 .text          0x00004940        0x0 /usr/lib/gcc/avr/4.3.4/../../../avr/lib/avr5/libc.a(strrchr.o)
 .text          0x00004940        0x0 /usr/lib/gcc/avr/4.3.4/../../../avr/lib/avr5/libc.a(sprintf.o)
 .text          0x00004940        0x0 /usr/lib/gcc/avr/4.3.4/../../../avr/lib/avr5/libc.a(sqrt.o)
 .text          0x00004940        0x0 /usr/lib/gcc/avr/4.3.4/../../../avr/lib/avr5/libc.a(vfprintf_std.o)
 .text          0x00004940        0x0 /usr/lib/gcc/avr/4.3.4/../../../avr/lib/avr5/libc.a(eerd_word_atmega328p.o)
 .text          0x00004940        0x0 /usr/lib/gcc/avr/4.3.4/../../../avr/lib/avr5/libc.a(eewr_word_atmega328p.o)
 .text          0x00004940        0x0 /usr/lib/gcc/avr/4.3.4/../../../avr/lib/avr5/libc.a(strnlen_P.o)
 .text          0x00004940        0x0 /usr/lib/gcc/avr/4.3.4/../../../avr/lib/avr5/libc.a(strnlen.o)
 .text          0x00004940        0x0 /usr/lib/gcc/avr/4.3.4/../../../avr/lib/avr5/libc.a(fputc.o)
 .text          0x00004940        0x0 /usr/lib/gcc/avr/4.3.4/../../../avr/lib/avr5/libc.a(ultoa_invert.o)
 .text          0x00004940        0x0 /usr/lib/gcc/avr/4.3.4/../../../avr/lib/avr5/libc.a(fp_mpack.o)
 .text          0x00004940        0x0 /usr/lib/gcc/avr/4.3.4/../../../avr/lib/avr5/libc.a(fp_nan.o)
 .text          0x00004940        0x0 /usr/lib/gcc/avr/4.3.4/../../../avr/lib/avr5/libc.a(fp_norm2.o)
 .text          0x00004940        0x0 /usr/lib/gcc/avr/4.3.4/../../../avr/lib/avr5/libc.a(fp_split3.o)
 .text          0x00004940        0x0 /usr/lib/gcc/avr/4.3.4/../../../avr/lib/avr5/libc.a(eerd_block_atmega328p.o)
 .text          0x00004940        0x0 /usr/lib/gcc/avr/4.3.4/../../../avr/lib/avr5/libc.a(eewr_byte_atmega328p.o)
                0x00004940                . = ALIGN (0x2)
 *(.text.*)
 .text.libgcc   0x00004940       0x3e /usr/lib/gcc/avr/4.3.4/avr5/libgcc.a(_mulsi3.o)
                0x00004940                __mulsi3
 .text.libgcc   0x0000497e       0x28 /usr/lib/gcc/avr/4.3.4/avr5/libgcc.a(_udivmodhi4.o)
                0x0000497e                __udivmodhi4
 .text.libgcc   0x000049a6       0x26 /usr/lib/gcc/avr/4.3.4/avr5/libgcc.a(_divmodhi4.o)
                0x000049a6                __divmodhi4
                0x000049a6                _div
 .text.libgcc   0x000049cc       0x44 /usr/lib/gcc/avr/4.3.4/avr5/libgcc.a(_udivmodsi4.o)
                0x000049cc                __udivmodsi4
 .text.libgcc   0x00004a10        0x0 /usr/lib/gcc/avr/4.3.4/avr5/libgcc.a(_exit.o)
 .text.libgcc   0x00004a10        0x0 /usr/lib/gcc/avr/4.3.4/avr5/libgcc.a(_copy_data.o)
 .text.libgcc   0x00004a10        0x0 /usr/lib/gcc/avr/4.3.4/avr5/libgcc.a(_clear_bss.o)
 .text.libgcc   0x00004a10       0x38 /usr/lib/gcc/avr/4.3.4/avr5/libgcc.a(_prologue.o)
                0x00004a10                __prologue_saves__
 .text.libgcc   0x00004a48       0x36 /usr/lib/gcc/avr/4.3.4/avr5/libgcc.a(_epilogue.o)
                0x00004a48                __epilogue_restores__
 .text.avr-libc
                0x00004a7e       0x12 /usr/lib/gcc/avr/4.3.4/../../../avr/lib/avr5/libc.a(memcpy.o)
                0x00004a7e                memcpy
 .text.avr-libc
                0x00004a90        0xe /usr/lib/gcc/avr/4.3.4/../../../avr/lib/avr5/libc.a(memset.o)
                0x00004a90                memset
 .text.avr-libc
                0x00004a9e       0x16 /usr/lib/gcc/avr/4.3.4/../../../avr/lib/avr5/libc.a(strchr.o)
                0x00004a9e                strchr
 .text.avr-libc
                0x00004ab4       0x12 /usr/lib/gcc/avr/4.3.4/../../../avr/lib/avr5/libc.a(strcmp.o)
                0x00004ab4                strcmp
 .text.avr-libc
                0x00004ac6       0x1c /usr/lib/gcc/avr/4.3.4/../../../avr/lib/avr5/libc.a(strncmp.o)
                0x00004ac6                strncmp
 .text.avr-libc
                0x00004ae2       0x1e /usr/lib/gcc/avr/4.3.4/../../../avr/lib/avr5/libc.a(strncpy.o)
                0x00004ae2                strncpy
 .text.avr-libc
                0x00004b00       0x16 /usr/lib/gcc/avr/4.3.4/../../../avr/lib/avr5/libc.a(strrchr.o)
                0x00004b00                strrchr
 .text.avr-libc
                0x00004b16       0x48 /usr/lib/gcc/avr/4.3.4/../../../avr/lib/avr5/libc.a(sprintf.o)
                0x00004b16                sprintf
 .text.avr-libc.fplib
                0x00004b5e       0x84 /usr/lib/gcc/avr/4.3.4/../../../avr/lib/avr5/libc.a(sqrt.o)
                0x00004b66                sqrt
 .text.avr-libc
                0x00004be2      0x3ba /usr/lib/gcc/avr/4.3.4/../../../avr/lib/avr5/libc.a(vfprintf_std.o)
                0x00004be2                vfprintf
 .text.avr-libc
                0x00004f9c        0xc /usr/lib/gcc/avr/4.3.4/../../../avr/lib/avr5/libc.a(eerd_word_atmega328p.o)
                0x00004f9c                __eerd_word_m328p
 .text.avr-libc
                0x00004fa8        0xa /usr/lib/gcc/avr/4.3.4/../../../avr/lib/avr5/libc.a(eewr_word_atmega328p.o)
                0x00004fa8                __eewr_word_m328p
 .text.avr-libc
                0x00004fb2       0x16 /usr/lib/gcc/avr/4.3.4/../../../avr/lib/avr5/libc.a(strnlen_P.o)
                0x00004fb2                strnlen_P
 .text.avr-libc
                0x00004fc8       0x16 /usr/lib/gcc/avr/4.3.4/../../../avr/lib/avr5/libc.a(strnlen.o)
                0x00004fc8                strnlen
 .text.avr-libc
                0x00004fde       0x58 /usr/lib/gcc/avr/4.3.4/../../../avr/lib/avr5/libc.a(fputc.o)
                0x00004fde                fputc
 .text.avr-libc
                0x00005036       0xbc /usr/lib/gcc/avr/4.3.4/../../../avr/lib/avr5/libc.a(ultoa_invert.o)
                0x00005036                __ultoa_invert
 .text.avr-libc.fplib
                0x000050f2       0x1c /usr/lib/gcc/avr/4.3.4/../../../avr/lib/avr5/libc.a(fp_mpack.o)
                0x000050f2                __fp_mpack
                0x000050f6                __fp_mpack_finite
 .text.avr-libc.fplib
                0x0000510e        0x6 /usr/lib/gcc/avr/4.3.4/../../../avr/lib/avr5/libc.a(fp_nan.o)
                0x0000510e                __fp_nan
 .text.avr-libc.fplib
                0x00005114        0xe /usr/lib/gcc/avr/4.3.4/../../../avr/lib/avr5/libc.a(fp_norm2.o)
                0x00005114                __fp_norm2
 .text.avr-libc.fplib
                0x00005122       0x44 /usr/lib/gcc/avr/4.3.4/../../../avr/lib/avr5/libc.a(fp_split3.o)
                0x00005122                __fp_split3
                0x00005132                __fp_splitA
 .text.avr-libc
                0x00005166       0x20 /usr/lib/gcc/avr/4.3.4/../../../avr/lib/avr5/libc.a(eerd_block_atmega328p.o)
                0x00005166                __eerd_block_m328p
                0x0000516a                __eerd_blraw_m328p
 .text.avr-libc
                0x00005186       0x1c /usr/lib/gcc/avr/4.3.4/../../../avr/lib/avr5/libc.a(eewr_byte_atmega328p.o)
                0x00005186                __eewr_byte_m328p
                0x00005188                __eewr_r18_m328p
                0x000051a2                . = ALIGN (0x2)
 *(.fini9)
 .fini9         0x000051a2        0x0 /usr/lib/gcc/avr/4.3.4/avr5/libgcc.a(_exit.o)
                0x000051a2                exit
                0x000051a2                _exit
 *(.fini9)
 *(.fini8)
 *(.fini8)
 *(.fini7)
 *(.fini7)
 *(.fini6)
 *(.fini6)
 *(.fini5)
 *(.fini5)
 *(.fini4)
 *(.fini4)
 *(.fini3)
 *(.fini3)
 *(.fini2)
 *(.fini2)
 *(.fini1)
 *(.fini1)
 *(.fini0)
 .fini0         0x000051a2        0x4 /usr/lib/gcc/avr/4.3.4/avr5/libgcc.a(_exit.o)
 *(.fini0)
                0x000051a6                _etext = .

.data           0x00800100      0x142 load address 0x000051a6
                0x00800100                PROVIDE (__data_start, .)
 *(.data)
 .data          0x00800100        0x0 /usr/lib/gcc/avr/4.3.4/../../../avr/lib/avr5/crtm328p.o
 .data          0x00800100       0x25 ./main.o
                0x0080011d                number_of_samples
                0x00800121                sensor_sensitivity
 .data          0x00800125        0x0 ./sdcard/byteordering.o
 .data          0x00800125        0xd ./sdcard/fat.o
 .data          0x00800132        0x0 ./sdcard/partition.o
 .data          0x00800132        0x0 ./sdcard/sd_raw.o
 .data          0x00800132        0x8 ./sdcard/sdcard.o
 .data          0x0080013a        0x0 ./sdcard/uart.o
 .data          0x0080013a        0x0 /usr/lib/gcc/avr/4.3.4/avr5/libgcc.a(_mulsi3.o)
 .data          0x0080013a        0x0 /usr/lib/gcc/avr/4.3.4/avr5/libgcc.a(_udivmodhi4.o)
 .data          0x0080013a        0x0 /usr/lib/gcc/avr/4.3.4/avr5/libgcc.a(_divmodhi4.o)
 .data          0x0080013a        0x0 /usr/lib/gcc/avr/4.3.4/avr5/libgcc.a(_udivmodsi4.o)
 .data          0x0080013a        0x0 /usr/lib/gcc/avr/4.3.4/avr5/libgcc.a(_exit.o)
 .data          0x0080013a        0x0 /usr/lib/gcc/avr/4.3.4/avr5/libgcc.a(_copy_data.o)
 .data          0x0080013a        0x0 /usr/lib/gcc/avr/4.3.4/avr5/libgcc.a(_clear_bss.o)
 .data          0x0080013a        0x0 /usr/lib/gcc/avr/4.3.4/avr5/libgcc.a(_mul_sf.o)
 .data          0x0080013a        0x0 /usr/lib/gcc/avr/4.3.4/avr5/libgcc.a(_div_sf.o)
 .data          0x0080013a        0x0 /usr/lib/gcc/avr/4.3.4/avr5/libgcc.a(_eq_sf.o)
 .data          0x0080013a        0x0 /usr/lib/gcc/avr/4.3.4/avr5/libgcc.a(_si_to_sf.o)
 .data          0x0080013a        0x0 /usr/lib/gcc/avr/4.3.4/avr5/libgcc.a(_sf_to_si.o)
 .data          0x0080013a        0x8 /usr/lib/gcc/avr/4.3.4/avr5/libgcc.a(_thenan_sf.o)
                0x0080013a                __thenan_sf
 .data          0x00800142        0x0 /usr/lib/gcc/avr/4.3.4/avr5/libgcc.a(_usi_to_sf.o)
 .data          0x00800142        0x0 /usr/lib/gcc/avr/4.3.4/avr5/libgcc.a(_prologue.o)
 .data          0x00800142        0x0 /usr/lib/gcc/avr/4.3.4/avr5/libgcc.a(_epilogue.o)
 .data          0x00800142        0x0 /usr/lib/gcc/avr/4.3.4/avr5/libgcc.a(_clzsi2.o)
 .data          0x00800142        0x0 /usr/lib/gcc/avr/4.3.4/avr5/libgcc.a(_pack_sf.o)
 .data          0x00800142        0x0 /usr/lib/gcc/avr/4.3.4/avr5/libgcc.a(_unpack_sf.o)
 .data          0x00800142        0x0 /usr/lib/gcc/avr/4.3.4/avr5/libgcc.a(_fpcmp_parts_sf.o)
 .data          0x00800142      0x100 /usr/lib/gcc/avr/4.3.4/avr5/libgcc.a(_clz.o)
                0x00800142                __clz_tab
 .data          0x00800242        0x0 /usr/lib/gcc/avr/4.3.4/../../../avr/lib/avr5/libc.a(memcpy.o)
 .data          0x00800242        0x0 /usr/lib/gcc/avr/4.3.4/../../../avr/lib/avr5/libc.a(memset.o)
 .data          0x00800242        0x0 /usr/lib/gcc/avr/4.3.4/../../../avr/lib/avr5/libc.a(strchr.o)
 .data          0x00800242        0x0 /usr/lib/gcc/avr/4.3.4/../../../avr/lib/avr5/libc.a(strcmp.o)
 .data          0x00800242        0x0 /usr/lib/gcc/avr/4.3.4/../../../avr/lib/avr5/libc.a(strncmp.o)
 .data          0x00800242        0x0 /usr/lib/gcc/avr/4.3.4/../../../avr/lib/avr5/libc.a(strncpy.o)
 .data          0x00800242        0x0 /usr/lib/gcc/avr/4.3.4/../../../avr/lib/avr5/libc.a(strrchr.o)
 .data          0x00800242        0x0 /usr/lib/gcc/avr/4.3.4/../../../avr/lib/avr5/libc.a(sprintf.o)
 .data          0x00800242        0x0 /usr/lib/gcc/avr/4.3.4/../../../avr/lib/avr5/libc.a(sqrt.o)
 .data          0x00800242        0x0 /usr/lib/gcc/avr/4.3.4/../../../avr/lib/avr5/libc.a(vfprintf_std.o)
 .data          0x00800242        0x0 /usr/lib/gcc/avr/4.3.4/../../../avr/lib/avr5/libc.a(eerd_word_atmega328p.o)
 .data          0x00800242        0x0 /usr/lib/gcc/avr/4.3.4/../../../avr/lib/avr5/libc.a(eewr_word_atmega328p.o)
 .data          0x00800242        0x0 /usr/lib/gcc/avr/4.3.4/../../../avr/lib/avr5/libc.a(strnlen_P.o)
 .data          0x00800242        0x0 /usr/lib/gcc/avr/4.3.4/../../../avr/lib/avr5/libc.a(strnlen.o)
 .data          0x00800242        0x0 /usr/lib/gcc/avr/4.3.4/../../../avr/lib/avr5/libc.a(fputc.o)
 .data          0x00800242        0x0 /usr/lib/gcc/avr/4.3.4/../../../avr/lib/avr5/libc.a(ultoa_invert.o)
 .data          0x00800242        0x0 /usr/lib/gcc/avr/4.3.4/../../../avr/lib/avr5/libc.a(fp_mpack.o)
 .data          0x00800242        0x0 /usr/lib/gcc/avr/4.3.4/../../../avr/lib/avr5/libc.a(fp_nan.o)
 .data          0x00800242        0x0 /usr/lib/gcc/avr/4.3.4/../../../avr/lib/avr5/libc.a(fp_norm2.o)
 .data          0x00800242        0x0 /usr/lib/gcc/avr/4.3.4/../../../avr/lib/avr5/libc.a(fp_split3.o)
 .data          0x00800242        0x0 /usr/lib/gcc/avr/4.3.4/../../../avr/lib/avr5/libc.a(eerd_block_atmega328p.o)
 .data          0x00800242        0x0 /usr/lib/gcc/avr/4.3.4/../../../avr/lib/avr5/libc.a(eewr_byte_atmega328p.o)
 *(.data*)
 *(.rodata)
 *(.rodata*)
 *(.gnu.linkonce.d*)
                0x00800242                . = ALIGN (0x2)
                0x00800242                _edata = .
                0x00800242                PROVIDE (__data_end, .)

.bss            0x00800242      0x302
                0x00800242                PROVIDE (__bss_start, .)
 *(.bss)
 .bss           0x00800242        0x0 /usr/lib/gcc/avr/4.3.4/../../../avr/lib/avr5/crtm328p.o
 .bss           0x00800242        0x8 ./main.o
                0x00800242                adc_sum
                0x00800246                adc_tick
                0x00800248                eeprom_addr
 .bss           0x0080024a        0x0 ./sdcard/byteordering.o
 .bss           0x0080024a       0xb1 ./sdcard/fat.o
 .bss           0x008002fb       0x11 ./sdcard/partition.o
 .bss           0x0080030c      0x206 ./sdcard/sd_raw.o
 .bss           0x00800512        0x4 ./sdcard/sdcard.o
                0x00800512                file_offset
 .bss           0x00800516        0x0 ./sdcard/uart.o
 .bss           0x00800516        0x0 /usr/lib/gcc/avr/4.3.4/avr5/libgcc.a(_mulsi3.o)
 .bss           0x00800516        0x0 /usr/lib/gcc/avr/4.3.4/avr5/libgcc.a(_udivmodhi4.o)
 .bss           0x00800516        0x0 /usr/lib/gcc/avr/4.3.4/avr5/libgcc.a(_divmodhi4.o)
 .bss           0x00800516        0x0 /usr/lib/gcc/avr/4.3.4/avr5/libgcc.a(_udivmodsi4.o)
 .bss           0x00800516        0x0 /usr/lib/gcc/avr/4.3.4/avr5/libgcc.a(_exit.o)
 .bss           0x00800516        0x0 /usr/lib/gcc/avr/4.3.4/avr5/libgcc.a(_copy_data.o)
 .bss           0x00800516        0x0 /usr/lib/gcc/avr/4.3.4/avr5/libgcc.a(_clear_bss.o)
 .bss           0x00800516        0x0 /usr/lib/gcc/avr/4.3.4/avr5/libgcc.a(_mul_sf.o)
 .bss           0x00800516        0x0 /usr/lib/gcc/avr/4.3.4/avr5/libgcc.a(_div_sf.o)
 .bss           0x00800516        0x0 /usr/lib/gcc/avr/4.3.4/avr5/libgcc.a(_eq_sf.o)
 .bss           0x00800516        0x0 /usr/lib/gcc/avr/4.3.4/avr5/libgcc.a(_si_to_sf.o)
 .bss           0x00800516        0x0 /usr/lib/gcc/avr/4.3.4/avr5/libgcc.a(_sf_to_si.o)
 .bss           0x00800516        0x0 /usr/lib/gcc/avr/4.3.4/avr5/libgcc.a(_thenan_sf.o)
 .bss           0x00800516        0x0 /usr/lib/gcc/avr/4.3.4/avr5/libgcc.a(_usi_to_sf.o)
 .bss           0x00800516        0x0 /usr/lib/gcc/avr/4.3.4/avr5/libgcc.a(_prologue.o)
 .bss           0x00800516        0x0 /usr/lib/gcc/avr/4.3.4/avr5/libgcc.a(_epilogue.o)
 .bss           0x00800516        0x0 /usr/lib/gcc/avr/4.3.4/avr5/libgcc.a(_clzsi2.o)
 .bss           0x00800516        0x0 /usr/lib/gcc/avr/4.3.4/avr5/libgcc.a(_pack_sf.o)
 .bss           0x00800516        0x0 /usr/lib/gcc/avr/4.3.4/avr5/libgcc.a(_unpack_sf.o)
 .bss           0x00800516        0x0 /usr/lib/gcc/avr/4.3.4/avr5/libgcc.a(_fpcmp_parts_sf.o)
 .bss           0x00800516        0x0 /usr/lib/gcc/avr/4.3.4/avr5/libgcc.a(_clz.o)
 .bss           0x00800516        0x0 /usr/lib/gcc/avr/4.3.4/../../../avr/lib/avr5/libc.a(memcpy.o)
 .bss           0x00800516        0x0 /usr/lib/gcc/avr/4.3.4/../../../avr/lib/avr5/libc.a(memset.o)
 .bss           0x00800516        0x0 /usr/lib/gcc/avr/4.3.4/../../../avr/lib/avr5/libc.a(strchr.o)
 .bss           0x00800516        0x0 /usr/lib/gcc/avr/4.3.4/../../../avr/lib/avr5/libc.a(strcmp.o)
 .bss           0x00800516        0x0 /usr/lib/gcc/avr/4.3.4/../../../avr/lib/avr5/libc.a(strncmp.o)
 .bss           0x00800516        0x0 /usr/lib/gcc/avr/4.3.4/../../../avr/lib/avr5/libc.a(strncpy.o)
 .bss           0x00800516        0x0 /usr/lib/gcc/avr/4.3.4/../../../avr/lib/avr5/libc.a(strrchr.o)
 .bss           0x00800516        0x0 /usr/lib/gcc/avr/4.3.4/../../../avr/lib/avr5/libc.a(sprintf.o)
 .bss           0x00800516        0x0 /usr/lib/gcc/avr/4.3.4/../../../avr/lib/avr5/libc.a(sqrt.o)
 .bss           0x00800516        0x0 /usr/lib/gcc/avr/4.3.4/../../../avr/lib/avr5/libc.a(vfprintf_std.o)
 .bss           0x00800516        0x0 /usr/lib/gcc/avr/4.3.4/../../../avr/lib/avr5/libc.a(eerd_word_atmega328p.o)
 .bss           0x00800516        0x0 /usr/lib/gcc/avr/4.3.4/../../../avr/lib/avr5/libc.a(eewr_word_atmega328p.o)
 .bss           0x00800516        0x0 /usr/lib/gcc/avr/4.3.4/../../../avr/lib/avr5/libc.a(strnlen_P.o)
 .bss           0x00800516        0x0 /usr/lib/gcc/avr/4.3.4/../../../avr/lib/avr5/libc.a(strnlen.o)
 .bss           0x00800516        0x0 /usr/lib/gcc/avr/4.3.4/../../../avr/lib/avr5/libc.a(fputc.o)
 .bss           0x00800516        0x0 /usr/lib/gcc/avr/4.3.4/../../../avr/lib/avr5/libc.a(ultoa_invert.o)
 .bss           0x00800516        0x0 /usr/lib/gcc/avr/4.3.4/../../../avr/lib/avr5/libc.a(fp_mpack.o)
 .bss           0x00800516        0x0 /usr/lib/gcc/avr/4.3.4/../../../avr/lib/avr5/libc.a(fp_nan.o)
 .bss           0x00800516        0x0 /usr/lib/gcc/avr/4.3.4/../../../avr/lib/avr5/libc.a(fp_norm2.o)
 .bss           0x00800516        0x0 /usr/lib/gcc/avr/4.3.4/../../../avr/lib/avr5/libc.a(fp_split3.o)
 .bss           0x00800516        0x0 /usr/lib/gcc/avr/4.3.4/../../../avr/lib/avr5/libc.a(eerd_block_atmega328p.o)
 .bss           0x00800516        0x0 /usr/lib/gcc/avr/4.3.4/../../../avr/lib/avr5/libc.a(eewr_byte_atmega328p.o)
 *(.bss*)
 *(COMMON)
 COMMON         0x00800516       0x28 ./main.o
                0x00800516                temp2
                0x0080051a                temp1
                0x0080051e                f2
                0x00800522                addr
                0x00800524                data
                0x00800526                buf
                0x0080053a                f1
 COMMON         0x0080053e        0x6 ./sdcard/sdcard.o
                0x0080053e                fs
                0x00800540                partition
                0x00800542                dd
                0x00800544                PROVIDE (__bss_end, .)
                0x000051a6                __data_load_start = LOADADDR (.data)
                0x000052e8                __data_load_end = (__data_load_start + SIZEOF (.data))

.noinit         0x00800544        0x0
                0x00800544                PROVIDE (__noinit_start, .)
 *(.noinit*)
                0x00800544                PROVIDE (__noinit_end, .)
                0x00800544                _end = .
                0x00800544                PROVIDE (__heap_start, .)

.eeprom         0x00810000        0x0
 *(.eeprom*)
                0x00810000                __eeprom_end = .

.fuse
 *(.fuse)
 *(.lfuse)
 *(.hfuse)
 *(.efuse)

.lock
 *(.lock*)

.signature
 *(.signature*)

.stab           0x00000000     0x294c
 *(.stab)
 .stab          0x00000000      0x6b4 /usr/lib/gcc/avr/4.3.4/../../../avr/lib/avr5/crtm328p.o
 .stab          0x000006b4       0x84 /usr/lib/gcc/avr/4.3.4/../../../avr/lib/avr5/libc.a(memcpy.o)
                                 0x90 (size before relaxing)
 .stab          0x00000738       0x6c /usr/lib/gcc/avr/4.3.4/../../../avr/lib/avr5/libc.a(memset.o)
                                 0x78 (size before relaxing)
 .stab          0x000007a4       0x9c /usr/lib/gcc/avr/4.3.4/../../../avr/lib/avr5/libc.a(strchr.o)
                                 0xa8 (size before relaxing)
 .stab          0x00000840       0x84 /usr/lib/gcc/avr/4.3.4/../../../avr/lib/avr5/libc.a(strcmp.o)
                                 0x90 (size before relaxing)
 .stab          0x000008c4       0xc0 /usr/lib/gcc/avr/4.3.4/../../../avr/lib/avr5/libc.a(strncmp.o)
                                 0xcc (size before relaxing)
 .stab          0x00000984       0xcc /usr/lib/gcc/avr/4.3.4/../../../avr/lib/avr5/libc.a(strncpy.o)
                                 0xd8 (size before relaxing)
 .stab          0x00000a50       0x9c /usr/lib/gcc/avr/4.3.4/../../../avr/lib/avr5/libc.a(strrchr.o)
                                 0xa8 (size before relaxing)
 .stab          0x00000aec      0x3cc /usr/lib/gcc/avr/4.3.4/../../../avr/lib/avr5/libc.a(sprintf.o)
                                0x3d8 (size before relaxing)
 .stab          0x00000eb8      0x354 /usr/lib/gcc/avr/4.3.4/../../../avr/lib/avr5/libc.a(sqrt.o)
                                0x360 (size before relaxing)
 .stab          0x0000120c      0x978 /usr/lib/gcc/avr/4.3.4/../../../avr/lib/avr5/libc.a(vfprintf_std.o)
                                0xb58 (size before relaxing)
 .stab          0x00001b84       0x6c /usr/lib/gcc/avr/4.3.4/../../../avr/lib/avr5/libc.a(eerd_word_atmega328p.o)
                                 0x78 (size before relaxing)
 .stab          0x00001bf0       0x54 /usr/lib/gcc/avr/4.3.4/../../../avr/lib/avr5/libc.a(eewr_word_atmega328p.o)
                                 0x60 (size before relaxing)
 .stab          0x00001c44       0x9c /usr/lib/gcc/avr/4.3.4/../../../avr/lib/avr5/libc.a(strnlen_P.o)
                                 0xa8 (size before relaxing)
 .stab          0x00001ce0       0x9c /usr/lib/gcc/avr/4.3.4/../../../avr/lib/avr5/libc.a(strnlen.o)
                                 0xa8 (size before relaxing)
 .stab          0x00001d7c      0x1d4 /usr/lib/gcc/avr/4.3.4/../../../avr/lib/avr5/libc.a(fputc.o)
                                0x3b4 (size before relaxing)
 .stab          0x00001f50      0x480 /usr/lib/gcc/avr/4.3.4/../../../avr/lib/avr5/libc.a(ultoa_invert.o)
                                0x48c (size before relaxing)
 .stab          0x000023d0       0xe4 /usr/lib/gcc/avr/4.3.4/../../../avr/lib/avr5/libc.a(fp_mpack.o)
                                 0xf0 (size before relaxing)
 .stab          0x000024b4       0x54 /usr/lib/gcc/avr/4.3.4/../../../avr/lib/avr5/libc.a(fp_nan.o)
                                 0x60 (size before relaxing)
 .stab          0x00002508       0x84 /usr/lib/gcc/avr/4.3.4/../../../avr/lib/avr5/libc.a(fp_norm2.o)
                                 0x90 (size before relaxing)
 .stab          0x0000258c      0x1d4 /usr/lib/gcc/avr/4.3.4/../../../avr/lib/avr5/libc.a(fp_split3.o)
                                0x1e0 (size before relaxing)
 .stab          0x00002760      0x108 /usr/lib/gcc/avr/4.3.4/../../../avr/lib/avr5/libc.a(eerd_block_atmega328p.o)
                                0x114 (size before relaxing)
 .stab          0x00002868       0xe4 /usr/lib/gcc/avr/4.3.4/../../../avr/lib/avr5/libc.a(eewr_byte_atmega328p.o)
                                 0xf0 (size before relaxing)

.stabstr        0x00000000      0xf80
 *(.stabstr)
 .stabstr       0x00000000      0xf80 /usr/lib/gcc/avr/4.3.4/../../../avr/lib/avr5/crtm328p.o

.stab.excl
 *(.stab.excl)

.stab.exclstr
 *(.stab.exclstr)

.stab.index
 *(.stab.index)

.stab.indexstr
 *(.stab.indexstr)

.comment
 *(.comment)

.debug
 *(.debug)

.line
 *(.line)

.debug_srcinfo
 *(.debug_srcinfo)

.debug_sfnames
 *(.debug_sfnames)

.debug_aranges
 *(.debug_aranges)

.debug_pubnames
 *(.debug_pubnames)

.debug_info
 *(.debug_info)
 *(.gnu.linkonce.wi.*)

.debug_abbrev
 *(.debug_abbrev)

.debug_line
 *(.debug_line)

.debug_frame
 *(.debug_frame)

.debug_str
 *(.debug_str)

.debug_loc
 *(.debug_loc)

.debug_macinfo
 *(.debug_macinfo)
OUTPUT(328_sdcard2.elf elf32-avr)
LOAD linker stubs
